// Jest Snapshot v1, https://goo.gl/fbAQLP

exports[`renders form component 1`] = `
<input
  placeholder="Введите имя"
  type="text"
/>
`;
